// Jest Snapshot v1, https://goo.gl/fbAQLP

exports[`Storyshots Button default 1`] = `
<button
  onClick={[Function]}
>
  Hello Button
</button>
`;

exports[`Storyshots Input default 1`] = `
<input
  type="text"
  value="Hello Button"
/>
`;
